// Jest Snapshot v1, https://goo.gl/fbAQLP

exports[`Detail. renders the component 1`] = `
<div class="charecter_profile">
  <detail-character-stub></detail-character-stub>
</div>
`;
