// Jest Snapshot v1, https://goo.gl/fbAQLP

exports[`ItemCharacter renders the component 1`] = `<!--v-if-->`;
